{"synthetic": false,
 "schemaVersion": "2025-09-10",
 "outputs":
 {"o": ["f62d986686f9e2a8.olean"],
  "m": false,
  "i": "b7e1eacc855de445.ilean",
  "c": "bd78efcbd802c331.c"},
 "log":
 [{"message":
   ".> LEAN_PATH=/Users/lyuyuwei/Documents/GitHub/Brouwer/.lake/packages/Cli/.lake/build/lib/lean:/Users/lyuyuwei/Documents/GitHub/Brouwer/.lake/packages/batteries/.lake/build/lib/lean:/Users/lyuyuwei/Documents/GitHub/Brouwer/.lake/packages/Qq/.lake/build/lib/lean:/Users/lyuyuwei/Documents/GitHub/Brouwer/.lake/packages/aesop/.lake/build/lib/lean:/Users/lyuyuwei/Documents/GitHub/Brouwer/.lake/packages/proofwidgets/.lake/build/lib/lean:/Users/lyuyuwei/Documents/GitHub/Brouwer/.lake/packages/importGraph/.lake/build/lib/lean:/Users/lyuyuwei/Documents/GitHub/Brouwer/.lake/packages/LeanSearchClient/.lake/build/lib/lean:/Users/lyuyuwei/Documents/GitHub/Brouwer/.lake/packages/plausible/.lake/build/lib/lean:/Users/lyuyuwei/Documents/GitHub/Brouwer/.lake/packages/mathlib/.lake/build/lib/lean:/Users/lyuyuwei/Documents/GitHub/Brouwer/.lake/build/lib/lean /Users/lyuyuwei/.elan/toolchains/leanprover--lean4---v4.33.0/bin/lean /Users/lyuyuwei/Documents/GitHub/Brouwer/Gametheory.lean -o /Users/lyuyuwei/Documents/GitHub/Brouwer/.lake/build/lib/lean/Gametheory.olean -i /Users/lyuyuwei/Documents/GitHub/Brouwer/.lake/build/lib/lean/Gametheory.ilean -c /Users/lyuyuwei/Documents/GitHub/Brouwer/.lake/build/ir/Gametheory.c --setup /Users/lyuyuwei/Documents/GitHub/Brouwer/.lake/build/ir/Gametheory.setup.json --json",
   "level": "trace"}],
 "inputs":
 [["deps",
   [["Gametheory/Gametheory:extraDep",
     [["@Gametheory:extraDep", "00000000000006bb"]]],
    ["imports",
     [["Gametheory.Brouwer transitive imports (legacy)", "fb4138f38b1652b2"],
      ["Gametheory.Brouwer:importAllArts", "f77b685917d4aab7"],
      ["Gametheory.Nash transitive imports (legacy)", "a6555cd7a23347b9"],
      ["Gametheory.Nash:importAllArts", "a23b54ba42298908"],
      ["Gametheory.Simplex transitive imports (legacy)", "1e7fa78c30755eed"],
      ["Gametheory.Simplex:importAllArts", "911b7ce0ac8123f5"]]]]],
  ["libs",
   [["import dynlibs", "00000000000006bb"],
    ["package external libraries", "00000000000006bb"],
    ["module dynlibs", "00000000000006bb"],
    ["module plugins", "00000000000006bb"]]],
  ["Lean 4.33.0, commit d8b18978322de05a8f3dba51ef03cf5461676c17",
   "3eca9d16ab6c877d"],
  ["/Users/lyuyuwei/Documents/GitHub/Brouwer/Gametheory.lean",
   "6d475ea80b0f5b0d"],
  ["options", "00000000000006bb"],
  ["isModule: false", "feefd2a0d3a1847e"],
  ["Module.name: Gametheory", "b96a972dac38013b"],
  ["Package.id?: (some Gametheory)", "137e35212e02fd21"],
  ["Module.leanArgs: #[]", "00000000000006bb"]],
 "depHash": "3e42651de2c4f541"}