{"synthetic": false,
 "schemaVersion": "2025-09-10",
 "outputs":
 {"o": ["1e1fa1d5e7855a4d.olean"],
  "m": false,
  "i": "fc2b28f30b444b00.ilean",
  "c": "3b7eb78fbf2b3a3d.c"},
 "log":
 [{"message":
   ".> LEAN_PATH=/Users/lyuyuwei/Documents/GitHub/Brouwer/.lake/packages/Cli/.lake/build/lib/lean:/Users/lyuyuwei/Documents/GitHub/Brouwer/.lake/packages/batteries/.lake/build/lib/lean:/Users/lyuyuwei/Documents/GitHub/Brouwer/.lake/packages/Qq/.lake/build/lib/lean:/Users/lyuyuwei/Documents/GitHub/Brouwer/.lake/packages/aesop/.lake/build/lib/lean:/Users/lyuyuwei/Documents/GitHub/Brouwer/.lake/packages/proofwidgets/.lake/build/lib/lean:/Users/lyuyuwei/Documents/GitHub/Brouwer/.lake/packages/importGraph/.lake/build/lib/lean:/Users/lyuyuwei/Documents/GitHub/Brouwer/.lake/packages/LeanSearchClient/.lake/build/lib/lean:/Users/lyuyuwei/Documents/GitHub/Brouwer/.lake/packages/plausible/.lake/build/lib/lean:/Users/lyuyuwei/Documents/GitHub/Brouwer/.lake/packages/mathlib/.lake/build/lib/lean:/Users/lyuyuwei/Documents/GitHub/Brouwer/.lake/build/lib/lean /Users/lyuyuwei/.elan/toolchains/leanprover--lean4---v4.33.0/bin/lean /Users/lyuyuwei/Documents/GitHub/Brouwer/Gametheory/Brouwer.lean -o /Users/lyuyuwei/Documents/GitHub/Brouwer/.lake/build/lib/lean/Gametheory/Brouwer.olean -i /Users/lyuyuwei/Documents/GitHub/Brouwer/.lake/build/lib/lean/Gametheory/Brouwer.ilean -c /Users/lyuyuwei/Documents/GitHub/Brouwer/.lake/build/ir/Gametheory/Brouwer.c --setup /Users/lyuyuwei/Documents/GitHub/Brouwer/.lake/build/ir/Gametheory/Brouwer.setup.json --json",
   "level": "trace"}],
 "inputs":
 [["deps",
   [["Gametheory/Gametheory:extraDep",
     [["@Gametheory:extraDep", "00000000000006bb"]]],
    ["imports",
     [["Gametheory.ScarfPath transitive imports (legacy)", "33638b16bd114f4b"],
      ["Gametheory.ScarfPath:importAllArts", "3f7362b5d01fe9db"]]]]],
  ["libs",
   [["import dynlibs", "00000000000006bb"],
    ["package external libraries", "00000000000006bb"],
    ["module dynlibs", "00000000000006bb"],
    ["module plugins", "00000000000006bb"]]],
  ["Lean 4.33.0, commit d8b18978322de05a8f3dba51ef03cf5461676c17",
   "3eca9d16ab6c877d"],
  ["/Users/lyuyuwei/Documents/GitHub/Brouwer/Gametheory/Brouwer.lean",
   "6ff40d00024acb29"],
  ["options", "00000000000006bb"],
  ["isModule: false", "feefd2a0d3a1847e"],
  ["Module.name: Gametheory.Brouwer", "830bd364678097fd"],
  ["Package.id?: (some Gametheory)", "137e35212e02fd21"],
  ["Module.leanArgs: #[]", "00000000000006bb"]],
 "depHash": "a6e871c305c5eb45"}