{"synthetic": false,
 "schemaVersion": "2025-09-10",
 "outputs":
 {"o": ["4687c91258d52110.olean"],
  "m": false,
  "i": "cf6f5dad45305bbb.ilean",
  "c": "d373b90f239e987a.c"},
 "log":
 [{"message":
   ".> LEAN_PATH=/Users/lyuyuwei/Documents/GitHub/Brouwer/.lake/packages/Cli/.lake/build/lib/lean:/Users/lyuyuwei/Documents/GitHub/Brouwer/.lake/packages/batteries/.lake/build/lib/lean:/Users/lyuyuwei/Documents/GitHub/Brouwer/.lake/packages/Qq/.lake/build/lib/lean:/Users/lyuyuwei/Documents/GitHub/Brouwer/.lake/packages/aesop/.lake/build/lib/lean:/Users/lyuyuwei/Documents/GitHub/Brouwer/.lake/packages/proofwidgets/.lake/build/lib/lean:/Users/lyuyuwei/Documents/GitHub/Brouwer/.lake/packages/importGraph/.lake/build/lib/lean:/Users/lyuyuwei/Documents/GitHub/Brouwer/.lake/packages/LeanSearchClient/.lake/build/lib/lean:/Users/lyuyuwei/Documents/GitHub/Brouwer/.lake/packages/plausible/.lake/build/lib/lean:/Users/lyuyuwei/Documents/GitHub/Brouwer/.lake/packages/mathlib/.lake/build/lib/lean:/Users/lyuyuwei/Documents/GitHub/Brouwer/.lake/build/lib/lean /Users/lyuyuwei/.elan/toolchains/leanprover--lean4---v4.33.0/bin/lean /Users/lyuyuwei/Documents/GitHub/Brouwer/Gametheory/Nash.lean -o /Users/lyuyuwei/Documents/GitHub/Brouwer/.lake/build/lib/lean/Gametheory/Nash.olean -i /Users/lyuyuwei/Documents/GitHub/Brouwer/.lake/build/lib/lean/Gametheory/Nash.ilean -c /Users/lyuyuwei/Documents/GitHub/Brouwer/.lake/build/ir/Gametheory/Nash.c --setup /Users/lyuyuwei/Documents/GitHub/Brouwer/.lake/build/ir/Gametheory/Nash.setup.json --json",
   "level": "trace"}],
 "inputs":
 [["deps",
   [["Gametheory/Gametheory:extraDep",
     [["@Gametheory:extraDep", "00000000000006bb"]]],
    ["imports",
     [["Gametheory.Brouwer_product transitive imports (legacy)",
       "c70ddd6b70e3b999"],
      ["Gametheory.Brouwer_product:importAllArts", "d3a77cdffe5382d9"],
      ["Gametheory.Simplex transitive imports (legacy)", "1e7fa78c30755eed"],
      ["Gametheory.Simplex:importAllArts", "911b7ce0ac8123f5"]]]]],
  ["libs",
   [["import dynlibs", "00000000000006bb"],
    ["package external libraries", "00000000000006bb"],
    ["module dynlibs", "00000000000006bb"],
    ["module plugins", "00000000000006bb"]]],
  ["Lean 4.33.0, commit d8b18978322de05a8f3dba51ef03cf5461676c17",
   "3eca9d16ab6c877d"],
  ["/Users/lyuyuwei/Documents/GitHub/Brouwer/Gametheory/Nash.lean",
   "1d45e3fdffa854c3"],
  ["options", "00000000000006bb"],
  ["isModule: false", "feefd2a0d3a1847e"],
  ["Module.name: Gametheory.Nash", "52cc97f14e90ab51"],
  ["Package.id?: (some Gametheory)", "137e35212e02fd21"],
  ["Module.leanArgs: #[]", "00000000000006bb"]],
 "depHash": "1599fd390462d889"}