{"synthetic": false,
 "schemaVersion": "2025-09-10",
 "outputs":
 {"o": ["24cf38191b1eeb41.olean"],
  "m": false,
  "i": "e194b2ae8d78c71f.ilean",
  "c": "a0cfe875c5c5a693.c"},
 "log":
 [{"message":
   ".> LEAN_PATH=/Users/lyuyuwei/Documents/GitHub/Brouwer/.lake/packages/Cli/.lake/build/lib/lean:/Users/lyuyuwei/Documents/GitHub/Brouwer/.lake/packages/batteries/.lake/build/lib/lean:/Users/lyuyuwei/Documents/GitHub/Brouwer/.lake/packages/Qq/.lake/build/lib/lean:/Users/lyuyuwei/Documents/GitHub/Brouwer/.lake/packages/aesop/.lake/build/lib/lean:/Users/lyuyuwei/Documents/GitHub/Brouwer/.lake/packages/proofwidgets/.lake/build/lib/lean:/Users/lyuyuwei/Documents/GitHub/Brouwer/.lake/packages/importGraph/.lake/build/lib/lean:/Users/lyuyuwei/Documents/GitHub/Brouwer/.lake/packages/LeanSearchClient/.lake/build/lib/lean:/Users/lyuyuwei/Documents/GitHub/Brouwer/.lake/packages/plausible/.lake/build/lib/lean:/Users/lyuyuwei/Documents/GitHub/Brouwer/.lake/packages/mathlib/.lake/build/lib/lean:/Users/lyuyuwei/Documents/GitHub/Brouwer/.lake/build/lib/lean /Users/lyuyuwei/.elan/toolchains/leanprover--lean4---v4.33.0/bin/lean /Users/lyuyuwei/Documents/GitHub/Brouwer/Gametheory/ScarfPath.lean -o /Users/lyuyuwei/Documents/GitHub/Brouwer/.lake/build/lib/lean/Gametheory/ScarfPath.olean -i /Users/lyuyuwei/Documents/GitHub/Brouwer/.lake/build/lib/lean/Gametheory/ScarfPath.ilean -c /Users/lyuyuwei/Documents/GitHub/Brouwer/.lake/build/ir/Gametheory/ScarfPath.c --setup /Users/lyuyuwei/Documents/GitHub/Brouwer/.lake/build/ir/Gametheory/ScarfPath.setup.json --json",
   "level": "trace"}],
 "inputs":
 [["deps",
   [["Gametheory/Gametheory:extraDep",
     [["@Gametheory:extraDep", "00000000000006bb"]]],
    ["imports",
     [["Gametheory.Scarf transitive imports (legacy)", "1e7fa78c30755eed"],
      ["Gametheory.Scarf:importAllArts", "4f780315a8a29060"]]]]],
  ["libs",
   [["import dynlibs", "00000000000006bb"],
    ["package external libraries", "00000000000006bb"],
    ["module dynlibs", "00000000000006bb"],
    ["module plugins", "00000000000006bb"]]],
  ["Lean 4.33.0, commit d8b18978322de05a8f3dba51ef03cf5461676c17",
   "3eca9d16ab6c877d"],
  ["/Users/lyuyuwei/Documents/GitHub/Brouwer/Gametheory/ScarfPath.lean",
   "673496d0fb3f38fb"],
  ["options", "00000000000006bb"],
  ["isModule: false", "feefd2a0d3a1847e"],
  ["Module.name: Gametheory.ScarfPath", "36496c97f7e04806"],
  ["Package.id?: (some Gametheory)", "137e35212e02fd21"],
  ["Module.leanArgs: #[]", "00000000000006bb"]],
 "depHash": "dd170197a14e995c"}